// Jest Snapshot v1, https://goo.gl/fbAQLP

exports[`processSection should return an object for section with content 1`] = `
Object {
  "components": Array [],
  "content": Object {
    "require": "!!~/loaders/examples-loader.js!~/test/components/Button/Readme.md",
  },
  "description": undefined,
  "filepath": "components/Button/Readme.md",
  "name": "Readme",
  "sections": Array [],
  "slug": "readme",
}
`;
